[faithful-notes-991771.framer.app/index.html]
[backblue.gif]
[fade.gif]
[index.html]
[framerusercontent.com/images/XPrGcgRGWaP7zW0KxlOZlceB6ok.jpg]
[framerusercontent.com/images/GYhTAZVW32gvfsal5BFk0a3UjY.png]
[faithful-notes-991771.framer.app/about.html]
[faithful-notes-991771.framer.app/projects.html]
[faithful-notes-991771.framer.app/illustrations.html]
[faithful-notes-991771.framer.app/stack.html]
[faithful-notes-991771.framer.app/contact.html]
[faithful-notes-991771.framer.app/projects/chardindsada.html]
[framerusercontent.com/images/KnS7C0u0gdjMrDnh3V2aqTjBn4.png]
[faithful-notes-991771.framer.app/projects/maximayor.html]
[framerusercontent.com/images/lIWcWdZiQJ57oAQfHLqpEJHg.png]
[faithful-notes-991771.framer.app/index.html]
[faithful-notes-991771.framer.app/about.html]
[faithful-notes-991771.framer.app/projects/davao-fresh.html]
[framerusercontent.com/images/IY0wx8Sv5yzWybRcSO3dC3hAXA.png]
[faithful-notes-991771.framer.app/projects/cohesion-framer-website.html]
[framerusercontent.com/images/96Z6IpQA2x5XwidjMZuMofmk.png]
[faithful-notes-991771.framer.app/projects/reify-website-in-framer.html]
[framerusercontent.com/images/j81hNjMX2g5xuwiXlJUK8leOn8.png]
[faithful-notes-991771.framer.app/projects.html]
[faithful-notes-991771.framer.app/projects/_DebeuFHYZ.html]
[framerusercontent.com/images/mGMOj9P3uQ3om6oGsPnudjoMck.jpg]
[framerusercontent.com/images/U5Yuit6y4QmQumne2JCbxFFdcVw.png]
[faithful-notes-991771.framer.app/illustrations.html]
[faithful-notes-991771.framer.app/stack.html]
[faithful-notes-991771.framer.app/contact.html]
[faithful-notes-991771.framer.app/projects/chardindsada.html]
[faithful-notes-991771.framer.app/projects/maximayor.html]
[faithful-notes-991771.framer.app/projects/davao-fresh.html]
[faithful-notes-991771.framer.app/projects/cohesion-framer-website.html]
[faithful-notes-991771.framer.app/projects/reify-website-in-framer.html]
[ga.jspm.io/npm_es-module-shims@1.6.3/dist/es-module-shims.js]
[framerusercontent.com/modules/nBvgxqs27VYKLbf91vkU/oeqUiplLOjxJ37dpZnA9/augiA20Il.js]
[framerusercontent.com/modules/ffMkMXtOApXON6Tb9y6O/tJylACLQcLR0xitzXMaB/momsdDNFn.js]
[framerusercontent.com/modules/ivpW8RxXMcqLPD4obCPq/hxeH7OVwEtkM3UpH1mO6/InybsGaNH.js]
[framerusercontent.com/modules/zFBihQjQZe0lJ3P3QiVE/l0CxlcdOqWZpU2kU3iJt/p8N4eZqyT.js]
[framerusercontent.com/modules/bFjp6s3Tn4naEAbO0DZl/1RlZILqCFLGVuvMgF8Ey/nomi1kgYE.js]
[framerusercontent.com/modules/u03ozyukzZpQOQScjuNx/8FxZoHvpWFvqskHcTY5Q/bbqhB6b2V.js]
[framerusercontent.com/modules/DD6hpBukt21libVMpjxy/M4pQzfcJOigNAU1dz0mP/ogPAYE1gG.js]
[framerusercontent.com/modules/yXrboozjHMXLPP1kSDnR/Ip94LhkDRCmWk7QQxtQp/NU0RVWbvY.js]
[framerusercontent.com/modules/LgqFBANyFTVtT726YOUd/tnCDXK2e8h8UDLjr4FMV/i6qh1vgiz.js]
[framerusercontent.com/modules/NvTSwsvZ7s4Q3OCaCTSg/pSgCpEEZGSaNd3GIaqgq/Oi6YAKbAE.js]
[faithful-notes-991771.framer.app/projects/_DebeuFHYZ.html]
[framerusercontent.com/modules/cCX085EQoNmTNS3FPGe2/y6cCD40Plm86rbyhFLFD/xW76pe7gp.js]
